Archive member included to satisfy reference by file (symbol)

c:/siliconlabs/simplicitystudio/v5/developer/toolchains/gnu_arm/10.2_2020q4/bin/../lib/gcc/arm-none-eabi/10.2.1/thumb/v8-m.main+fp/softfp\libgcc.a(_arm_muldf3.o)
                              ./src/main_single_interrupt.o (__aeabi_dmul)
c:/siliconlabs/simplicitystudio/v5/developer/toolchains/gnu_arm/10.2_2020q4/bin/../lib/gcc/arm-none-eabi/10.2.1/thumb/v8-m.main+fp/softfp\libgcc.a(_arm_addsubdf3.o)
                              ./src/main_single_interrupt.o (__aeabi_dadd)
c:/siliconlabs/simplicitystudio/v5/developer/toolchains/gnu_arm/10.2_2020q4/bin/../lib/gcc/arm-none-eabi/10.2.1/thumb/v8-m.main+fp/softfp\libgcc.a(_arm_muldivdf3.o)
                              ./src/main_single_interrupt.o (__aeabi_ddiv)
c:/siliconlabs/simplicitystudio/v5/developer/toolchains/gnu_arm/10.2_2020q4/bin/../lib/gcc/arm-none-eabi/10.2.1/thumb/v8-m.main+fp/softfp\libgcc.a(_arm_fixdfsi.o)
                              ./src/main_single_interrupt.o (__aeabi_d2iz)
c:/siliconlabs/simplicitystudio/v5/developer/toolchains/gnu_arm/10.2_2020q4/bin/../lib/gcc/arm-none-eabi/10.2.1/../../../../arm-none-eabi/lib/thumb/v8-m.main+fp/softfp\libc_nano.a(lib_a-exit.o)
                              c:/siliconlabs/simplicitystudio/v5/developer/toolchains/gnu_arm/10.2_2020q4/bin/../lib/gcc/arm-none-eabi/10.2.1/../../../../arm-none-eabi/lib/thumb/v8-m.main+fp/softfp/crt0.o (exit)
c:/siliconlabs/simplicitystudio/v5/developer/toolchains/gnu_arm/10.2_2020q4/bin/../lib/gcc/arm-none-eabi/10.2.1/../../../../arm-none-eabi/lib/thumb/v8-m.main+fp/softfp\libc_nano.a(lib_a-impure.o)
                              c:/siliconlabs/simplicitystudio/v5/developer/toolchains/gnu_arm/10.2_2020q4/bin/../lib/gcc/arm-none-eabi/10.2.1/../../../../arm-none-eabi/lib/thumb/v8-m.main+fp/softfp\libc_nano.a(lib_a-exit.o) (_global_impure_ptr)
c:/siliconlabs/simplicitystudio/v5/developer/toolchains/gnu_arm/10.2_2020q4/bin/../lib/gcc/arm-none-eabi/10.2.1/../../../../arm-none-eabi/lib/thumb/v8-m.main+fp/softfp\libc_nano.a(lib_a-init.o)
                              c:/siliconlabs/simplicitystudio/v5/developer/toolchains/gnu_arm/10.2_2020q4/bin/../lib/gcc/arm-none-eabi/10.2.1/../../../../arm-none-eabi/lib/thumb/v8-m.main+fp/softfp/crt0.o (__libc_init_array)
c:/siliconlabs/simplicitystudio/v5/developer/toolchains/gnu_arm/10.2_2020q4/bin/../lib/gcc/arm-none-eabi/10.2.1/../../../../arm-none-eabi/lib/thumb/v8-m.main+fp/softfp\libc_nano.a(lib_a-memset.o)
                              c:/siliconlabs/simplicitystudio/v5/developer/toolchains/gnu_arm/10.2_2020q4/bin/../lib/gcc/arm-none-eabi/10.2.1/../../../../arm-none-eabi/lib/thumb/v8-m.main+fp/softfp/crt0.o (memset)
c:/siliconlabs/simplicitystudio/v5/developer/toolchains/gnu_arm/10.2_2020q4/bin/../lib/gcc/arm-none-eabi/10.2.1/../../../../arm-none-eabi/lib/thumb/v8-m.main+fp/softfp\libnosys.a(_exit.o)
                              c:/siliconlabs/simplicitystudio/v5/developer/toolchains/gnu_arm/10.2_2020q4/bin/../lib/gcc/arm-none-eabi/10.2.1/../../../../arm-none-eabi/lib/thumb/v8-m.main+fp/softfp\libc_nano.a(lib_a-exit.o) (_exit)

Discarded input sections

 .text          0x00000000        0x0 c:/siliconlabs/simplicitystudio/v5/developer/toolchains/gnu_arm/10.2_2020q4/bin/../lib/gcc/arm-none-eabi/10.2.1/thumb/v8-m.main+fp/softfp/crti.o
 .data          0x00000000        0x0 c:/siliconlabs/simplicitystudio/v5/developer/toolchains/gnu_arm/10.2_2020q4/bin/../lib/gcc/arm-none-eabi/10.2.1/thumb/v8-m.main+fp/softfp/crti.o
 .bss           0x00000000        0x0 c:/siliconlabs/simplicitystudio/v5/developer/toolchains/gnu_arm/10.2_2020q4/bin/../lib/gcc/arm-none-eabi/10.2.1/thumb/v8-m.main+fp/softfp/crti.o
 .data          0x00000000        0x4 c:/siliconlabs/simplicitystudio/v5/developer/toolchains/gnu_arm/10.2_2020q4/bin/../lib/gcc/arm-none-eabi/10.2.1/thumb/v8-m.main+fp/softfp/crtbegin.o
 .rodata        0x00000000       0x24 c:/siliconlabs/simplicitystudio/v5/developer/toolchains/gnu_arm/10.2_2020q4/bin/../lib/gcc/arm-none-eabi/10.2.1/thumb/v8-m.main+fp/softfp/crtbegin.o
 .data          0x00000000        0x0 c:/siliconlabs/simplicitystudio/v5/developer/toolchains/gnu_arm/10.2_2020q4/bin/../lib/gcc/arm-none-eabi/10.2.1/../../../../arm-none-eabi/lib/thumb/v8-m.main+fp/softfp/crt0.o
 .bss           0x00000000        0x0 c:/siliconlabs/simplicitystudio/v5/developer/toolchains/gnu_arm/10.2_2020q4/bin/../lib/gcc/arm-none-eabi/10.2.1/../../../../arm-none-eabi/lib/thumb/v8-m.main+fp/softfp/crt0.o
 .ARM.extab     0x00000000        0x0 c:/siliconlabs/simplicitystudio/v5/developer/toolchains/gnu_arm/10.2_2020q4/bin/../lib/gcc/arm-none-eabi/10.2.1/../../../../arm-none-eabi/lib/thumb/v8-m.main+fp/softfp/crt0.o
 .data          0x00000000        0x0 ./CMSIS/EFR32MG22/startup_efr32mg22.o
 .bss           0x00000000        0x0 ./CMSIS/EFR32MG22/startup_efr32mg22.o
 .group         0x00000000        0xc ./CMSIS/EFR32MG22/system_efr32mg22.o
[...]
Memory Configuration

Name             Origin             Length             Attributes
FLASH            0x00000000         0x00080000         xr
RAM              0x20000000         0x00008000         xrw
*default*        0x00000000         0xffffffff

Linker script and memory map

LOAD c:/siliconlabs/simplicitystudio/v5/developer/toolchains/gnu_arm/10.2_2020q4/bin/../lib/gcc/arm-none-eabi/10.2.1/thumb/v8-m.main+fp/softfp/crti.o
LOAD c:/siliconlabs/simplicitystudio/v5/developer/toolchains/gnu_arm/10.2_2020q4/bin/../lib/gcc/arm-none-eabi/10.2.1/thumb/v8-m.main+fp/softfp/crtbegin.o
LOAD c:/siliconlabs/simplicitystudio/v5/developer/toolchains/gnu_arm/10.2_2020q4/bin/../lib/gcc/arm-none-eabi/10.2.1/../../../../arm-none-eabi/lib/thumb/v8-m.main+fp/softfp/crt0.o
LOAD ./CMSIS/EFR32MG22/startup_efr32mg22.o
LOAD ./CMSIS/EFR32MG22/system_efr32mg22.o
LOAD ./emlib/em_cmu.o
LOAD ./emlib/em_core.o
LOAD ./emlib/em_emu.o
LOAD ./emlib/em_gpio.o
LOAD ./emlib/em_iadc.o
LOAD ./emlib/em_system.o
LOAD ./src/main_single_interrupt.o
START GROUP
LOAD c:/siliconlabs/simplicitystudio/v5/developer/toolchains/gnu_arm/10.2_2020q4/bin/../lib/gcc/arm-none-eabi/10.2.1/thumb/v8-m.main+fp/softfp\libgcc.a
LOAD c:/siliconlabs/simplicitystudio/v5/developer/toolchains/gnu_arm/10.2_2020q4/bin/../lib/gcc/arm-none-eabi/10.2.1/../../../../arm-none-eabi/lib/thumb/v8-m.main+fp/softfp\libc_nano.a
LOAD c:/siliconlabs/simplicitystudio/v5/developer/toolchains/gnu_arm/10.2_2020q4/bin/../lib/gcc/arm-none-eabi/10.2.1/../../../../arm-none-eabi/lib/thumb/v8-m.main+fp/softfp\libnosys.a
END GROUP
START GROUP
LOAD c:/siliconlabs/simplicitystudio/v5/developer/toolchains/gnu_arm/10.2_2020q4/bin/../lib/gcc/arm-none-eabi/10.2.1/thumb/v8-m.main+fp/softfp\libgcc.a
LOAD c:/siliconlabs/simplicitystudio/v5/developer/toolchains/gnu_arm/10.2_2020q4/bin/../lib/gcc/arm-none-eabi/10.2.1/../../../../arm-none-eabi/lib/thumb/v8-m.main+fp/softfp\libg_nano.a
LOAD c:/siliconlabs/simplicitystudio/v5/developer/toolchains/gnu_arm/10.2_2020q4/bin/../lib/gcc/arm-none-eabi/10.2.1/../../../../arm-none-eabi/lib/thumb/v8-m.main+fp/softfp\libc_nano.a
END GROUP
START GROUP
LOAD c:/siliconlabs/simplicitystudio/v5/developer/toolchains/gnu_arm/10.2_2020q4/bin/../lib/gcc/arm-none-eabi/10.2.1/thumb/v8-m.main+fp/softfp\libgcc.a
LOAD c:/siliconlabs/simplicitystudio/v5/developer/toolchains/gnu_arm/10.2_2020q4/bin/../lib/gcc/arm-none-eabi/10.2.1/../../../../arm-none-eabi/lib/thumb/v8-m.main+fp/softfp\libc_nano.a
END GROUP
LOAD c:/siliconlabs/simplicitystudio/v5/developer/toolchains/gnu_arm/10.2_2020q4/bin/../lib/gcc/arm-none-eabi/10.2.1/thumb/v8-m.main+fp/softfp/crtend.o
LOAD c:/siliconlabs/simplicitystudio/v5/developer/toolchains/gnu_arm/10.2_2020q4/bin/../lib/gcc/arm-none-eabi/10.2.1/thumb/v8-m.main+fp/softfp/crtn.o

.text           0x00000000     0x3920
 *(.vectors)
 .vectors       0x00000000      0x140 ./CMSIS/EFR32MG22/startup_efr32mg22.o
                0x00000000                __Vectors
                0x00000140                __Vectors_End = .
                0x00000140                __Vectors_Size = (__Vectors_End - __Vectors)
                0x200000d8                __end__ = .
 *(.text*)
 .text          0x00000140       0x40 c:/siliconlabs/simplicitystudio/v5/developer/toolchains/gnu_arm/10.2_2020q4/bin/../lib/gcc/arm-none-eabi/10.2.1/thumb/v8-m.main+fp/softfp/crtbegin.o
 .text          0x00000180       0x7c c:/siliconlabs/simplicitystudio/v5/developer/toolchains/gnu_arm/10.2_2020q4/bin/../lib/gcc/arm-none-eabi/10.2.1/../../../../arm-none-eabi/lib/thumb/v8-m.main+fp/softfp/crt0.o
                0x00000180                _stack_init
                0x00000188                _start
                0x00000188                _mainCRTStartup
 .text          0x000001fc       0x30 ./CMSIS/EFR32MG22/startup_efr32mg22.o
                0x000001fc                Reset_Handler
                0x00000228                SW2_IRQHandler
                0x00000228                TIMER2_IRQHandler
                0x00000228                DebugMon_Handler
                0x00000228                USART0_TX_IRQHandler
                0x00000228                PKE_IRQHandler
                0x00000228                PRORTC_IRQHandler
                0x00000228                IADC_IRQHandler
                0x00000228                I2C0_IRQHandler
                0x00000228                LFXO_IRQHandler
                0x00000228                CRYPTOACC_IRQHandler
                0x00000228                HardFault_Handler
                0x00000228                SMU_SECURE_IRQHandler
                0x00000228                SysTick_Handler
                0x00000228                USART1_RX_IRQHandler
                0x00000228                EMUEFP_IRQHandler
                0x00000228                PendSV_Handler
                0x00000228                NMI_Handler
                0x00000228                SYNTH_IRQHandler
                0x00000228                HFXO0_IRQHandler
                0x00000228                I2C1_IRQHandler
                0x00000228                PDM_IRQHandler
                0x00000228                WDOG0_IRQHandler
                0x00000228                TIMER3_IRQHandler
                0x00000228                SYSCFG_IRQHandler
                0x00000228                EMUSE_IRQHandler
                0x00000228                EMUDG_IRQHandler
                0x00000228                USART1_TX_IRQHandler
                0x00000228                SMU_PRIVILEGED_IRQHandler
                0x00000228                MSC_IRQHandler
                0x00000228                DPLL0_IRQHandler
                0x00000228                UsageFault_Handler
                0x00000228                M33CTI1_IRQHandler
                0x00000228                TIMER4_IRQHandler
                0x00000228                LDMA_IRQHandler
                0x00000228                SW0_IRQHandler
                0x00000228                TIMER0_IRQHandler
                0x00000228                ULFRCO_IRQHandler
                0x00000228                LETIMER0_IRQHandler
                0x00000228                TIMER1_IRQHandler
                0x00000228                HFRCO0_IRQHandler
                0x00000228                RFSENSE_IRQHandler
                0x00000228                BUFC_IRQHandler
                0x00000228                DCDC_IRQHandler
                0x00000228                MODEM_IRQHandler
                0x00000228                Default_Handler
                0x00000228                RAC_SEQ_IRQHandler
                0x00000228                FRC_PRI_IRQHandler
                0x00000228                SW3_IRQHandler
                0x00000228                EMU_IRQHandler
                0x00000228                KERNEL0_IRQHandler
                0x00000228                FRC_IRQHandler
                0x00000228                KERNEL1_IRQHandler
                0x00000228                AGC_IRQHandler
                0x00000228                sl_app_properties
                0x00000228                BURTC_IRQHandler
                0x00000228                LFRCO_IRQHandler
                0x00000228                USART0_RX_IRQHandler
                0x00000228                MemManage_Handler
                0x00000228                RDMAILBOX_IRQHandler
                0x00000228                SVC_Handler
                0x00000228                RTCC_IRQHandler
                0x00000228                SW1_IRQHandler
                0x00000228                CMU_IRQHandler
                0x00000228                RAC_RSM_IRQHandler
                0x00000228                EUART0_TX_IRQHandler
                0x00000228                EUART0_RX_IRQHandler
                0x00000228                GPIO_ODD_IRQHandler
                0x00000228                AES_IRQHandler
                0x00000228                M33CTI0_IRQHandler
                0x00000228                ICACHE0_IRQHandler
                0x00000228                SMU_NS_PRIVILEGED_IRQHandler
                0x00000228                PROTIMER_IRQHandler
                0x00000228                BusFault_Handler
                0x00000228                TRNG_IRQHandler
 .text.SystemInit
                0x0000022c       0x2c ./CMSIS/EFR32MG22/system_efr32mg22.o
                0x0000022c                SystemInit
 .text.SystemHFRCODPLLClockGet
                0x00000258       0x18 ./CMSIS/EFR32MG22/system_efr32mg22.o
                0x00000258                SystemHFRCODPLLClockGet
 .text.SystemSYSCLKGet
                0x00000270       0x50 ./CMSIS/EFR32MG22/system_efr32mg22.o
                0x00000270                SystemSYSCLKGet
 .text.SystemHCLKGet
                0x000002c0       0x3c ./CMSIS/EFR32MG22/system_efr32mg22.o
                0x000002c0                SystemHCLKGet
 .text.SystemMaxCoreClockGet
                0x000002fc       0x14 ./CMSIS/EFR32MG22/system_efr32mg22.o
                0x000002fc                SystemMaxCoreClockGet
 .text.SystemHFXOClockGet
                0x00000310       0x18 ./CMSIS/EFR32MG22/system_efr32mg22.o
                0x00000310                SystemHFXOClockGet
 .text.SystemCLKIN0Get
                0x00000328       0x10 ./CMSIS/EFR32MG22/system_efr32mg22.o
                0x00000328                SystemCLKIN0Get
 .text.SystemFSRCOClockGet
                0x00000338       0x14 ./CMSIS/EFR32MG22/system_efr32mg22.o
                0x00000338                SystemFSRCOClockGet
 .text.SystemLFRCOClockGet
                0x0000034c       0x12 ./CMSIS/EFR32MG22/system_efr32mg22.o
                0x0000034c                SystemLFRCOClockGet
 .text.SystemULFRCOClockGet
                0x0000035e       0x12 ./CMSIS/EFR32MG22/system_efr32mg22.o
                0x0000035e                SystemULFRCOClockGet
 .text.SystemLFXOClockGet
                0x00000370       0x18 ./CMSIS/EFR32MG22/system_efr32mg22.o
                0x00000370                SystemLFXOClockGet
 .text.SystemCoreClockGet
                0x00000388        0xe ./emlib/em_cmu.o
 .text.BUS_RegBitWrite
                0x00000396       0x3c ./emlib/em_cmu.o
 .text.BUS_RegBitRead
                0x000003d2       0x24 ./emlib/em_cmu.o
 *fill*         0x000003f6        0x2 
 .text.EMU_VScaleWait
                0x000003f8       0x20 ./emlib/em_cmu.o
 .text.EMU_VScaleGet
                0x00000418       0x1c ./emlib/em_cmu.o
 .text.CMU_ClockDivGet
                0x00000434       0x90 ./emlib/em_cmu.o
                0x00000434                CMU_ClockDivGet
 .text.CMU_ClockDivSet
                0x000004c4      0x120 ./emlib/em_cmu.o
                0x000004c4                CMU_ClockDivSet
 .text.CMU_ClockEnable
                0x000005e4       0x6c ./emlib/em_cmu.o
                0x000005e4                CMU_ClockEnable
 .text.CMU_ClockFreqGet
                0x00000650      0x598 ./emlib/em_cmu.o
                0x00000650                CMU_ClockFreqGet
 .text.CMU_ClockSelectGet
                0x00000be8      0x278 ./emlib/em_cmu.o
                0x00000be8                CMU_ClockSelectGet
 .text.CMU_ClockSelectSet
                0x00000e60      0x5fc ./emlib/em_cmu.o
                0x00000e60                CMU_ClockSelectSet
 .text.CMU_UpdateWaitStates
                0x0000145c       0x2a ./emlib/em_cmu.o
                0x0000145c                CMU_UpdateWaitStates
 *fill*         0x00001486        0x2 
 .text.em01GrpbClkGet
                0x00001488       0xb0 ./emlib/em_cmu.o
 .text.euart0ClkGet
                0x00001538       0x58 ./emlib/em_cmu.o
 .text.rhclkPrescMax
                0x00001590       0x20 ./emlib/em_cmu.o
 .text.rhclkPrescOptimize
                0x000015b0       0x2c ./emlib/em_cmu.o
 .text.traceClkGet
                0x000015dc       0x38 ./emlib/em_cmu.o
 .text.dpllRefClkGet
                0x00001614       0x88 ./emlib/em_cmu.o
 .text.em01GrpaClkGet
                0x0000169c       0x78 ./emlib/em_cmu.o
 .text.em23GrpaClkGet
                0x00001714       0x78 ./emlib/em_cmu.o
 .text.em4GrpaClkGet
                0x0000178c       0x78 ./emlib/em_cmu.o
 .text.flashWaitStateControl
                0x00001804       0x90 ./emlib/em_cmu.o
 .text.iadcClkGet
                0x00001894       0x6c ./emlib/em_cmu.o
 .text.pclkDivMax
                0x00001900       0x12 ./emlib/em_cmu.o
 *fill*         0x00001912        0x2 
 .text.pclkDivOptimize
                0x00001914       0x34 ./emlib/em_cmu.o
 .text.rtccClkGet
                0x00001948       0x78 ./emlib/em_cmu.o
 .text.waitStateMax
                0x000019c0       0x16 ./emlib/em_cmu.o
 *fill*         0x000019d6        0x2 
 .text.wdog0ClkGet
                0x000019d8       0x94 ./emlib/em_cmu.o
 .text.sysTickClkGet
                0x00001a6c       0x5c ./emlib/em_cmu.o
 .text.CORE_EnterCritical
                0x00001ac8       0x22 ./emlib/em_core.o
                0x00001ac8                CORE_EnterCritical
 .text.CORE_ExitCritical
                0x00001aea       0x1e ./emlib/em_core.o
                0x00001aea                CORE_ExitCritical
 .text.SystemCoreClockUpdate
                0x00001b08        0xc ./emlib/em_emu.o
 .text.BUS_RegBitRead
                0x00001b14       0x24 ./emlib/em_emu.o
 .text.EMU_VScaleWait
                0x00001b38       0x20 ./emlib/em_emu.o
 .text.EMU_VScaleGet
                0x00001b58       0x1c ./emlib/em_emu.o
 .text.vScaleEM01Cmd
                0x00001b74       0x22 ./emlib/em_emu.o
 *fill*         0x00001b96        0x2 
 .text.dpllState
                0x00001b98       0xd0 ./emlib/em_emu.o
 .text.EMU_EM23PresleepHook
                0x00001c68        0xe ./emlib/em_emu.o
                0x00001c68                EMU_EM23PresleepHook
 .text.EMU_EFPEM23PresleepHook
                0x00001c76        0xe ./emlib/em_emu.o
                0x00001c76                EMU_EFPEM23PresleepHook
 .text.EMU_EM23PostsleepHook
                0x00001c84        0xe ./emlib/em_emu.o
                0x00001c84                EMU_EM23PostsleepHook
 .text.EMU_EFPEM23PostsleepHook
                0x00001c92        0xe ./emlib/em_emu.o
                0x00001c92                EMU_EFPEM23PostsleepHook
 .text.EMU_EnterEM2
                0x00001ca0       0x6c ./emlib/em_emu.o
                0x00001ca0                EMU_EnterEM2
 .text.EMU_EFPEM01VScale
                0x00001d0c       0x16 ./emlib/em_emu.o
                0x00001d0c                EMU_EFPEM01VScale
 *fill*         0x00001d22        0x2 
 .text.EMU_VScaleEM01ByClock
                0x00001d24       0x58 ./emlib/em_emu.o
                0x00001d24                EMU_VScaleEM01ByClock
 .text.EMU_VScaleEM01
                0x00001d7c       0xaa ./emlib/em_emu.o
                0x00001d7c                EMU_VScaleEM01
 .text.BUS_RegBitWrite
                0x00001e26       0x3c ./emlib/em_gpio.o
 .text.BUS_RegMaskedWrite
                0x00001e62       0x36 ./emlib/em_gpio.o
 .text.GPIO_IntClear
                0x00001e98       0x28 ./emlib/em_gpio.o
 .text.GPIO_PinOutClear
                0x00001ec0       0x50 ./emlib/em_gpio.o
 .text.GPIO_PinOutSet
                0x00001f10       0x50 ./emlib/em_gpio.o
 .text.GPIO_ExtIntConfig
                0x00001f60      0x118 ./emlib/em_gpio.o
                0x00001f60                GPIO_ExtIntConfig
 .text.GPIO_PinModeSet
                0x00002078       0xe0 ./emlib/em_gpio.o
                0x00002078                GPIO_PinModeSet
 .text.IADC_pullSingleFifoData
                0x00002158       0x18 ./emlib/em_iadc.o
 .text.IADC_readSingleData
                0x00002170       0x18 ./emlib/em_iadc.o
 .text.IADC_pullScanFifoData
                0x00002188       0x1a ./emlib/em_iadc.o
 .text.IADC_readScanData
                0x000021a2       0x1a ./emlib/em_iadc.o
 .text.IADC_clearInt
                0x000021bc       0x22 ./emlib/em_iadc.o
 .text.IADC_disableInt
                0x000021de       0x22 ./emlib/em_iadc.o
 .text.IADC_command
                0x00002200       0x1c ./emlib/em_iadc.o
 .text.IADC_disable
                0x0000221c       0x2e ./emlib/em_iadc.o
 .text.IADC_enable
                0x0000224a       0x20 ./emlib/em_iadc.o
 .text.IADC_ConvertRawDataToResult
                0x0000226a       0x76 ./emlib/em_iadc.o
 .text.IADC_init
                0x000022e0      0x604 ./emlib/em_iadc.o
                0x000022e0                IADC_init
 .text.IADC_initSingle
                0x000028e4       0xac ./emlib/em_iadc.o
                0x000028e4                IADC_initSingle
 .text.IADC_updateSingleInput
                0x00002990       0x70 ./emlib/em_iadc.o
                0x00002990                IADC_updateSingleInput
 .text.IADC_reset
                0x00002a00      0x158 ./emlib/em_iadc.o
                0x00002a00                IADC_reset
 .text.IADC_calcTimebase
                0x00002b58       0x64 ./emlib/em_iadc.o
                0x00002b58                IADC_calcTimebase
 .text.IADC_calcSrcClkPrescale
                0x00002bbc       0x64 ./emlib/em_iadc.o
                0x00002bbc                IADC_calcSrcClkPrescale
 .text.IADC_calcAdcClkPrescale
                0x00002c20       0x98 ./emlib/em_iadc.o
                0x00002c20                IADC_calcAdcClkPrescale
 .text.IADC_pullSingleFifoResult
                0x00002cb8       0x2c ./emlib/em_iadc.o
                0x00002cb8                IADC_pullSingleFifoResult
 .text.__NVIC_EnableIRQ
                0x00002ce4       0x3c ./src/main_single_interrupt.o
 .text.__NVIC_ClearPendingIRQ
                0x00002d20       0x3c ./src/main_single_interrupt.o
 .text.SYSTEM_GetProdRev
                0x00002d5c       0x1c ./src/main_single_interrupt.o
 .text.GPIO_IntClear
                0x00002d78       0x28 ./src/main_single_interrupt.o
 .text.GPIO_IntGet
                0x00002da0       0x18 ./src/main_single_interrupt.o
 .text.CHIP_Init
                0x00002db8       0x5c ./src/main_single_interrupt.o
 .text.IADC_command
                0x00002e14       0x1c ./src/main_single_interrupt.o
 .text.someDummyFunction
                0x00002e30      0x19c ./src/main_single_interrupt.o
                0x00002e30                someDummyFunction
 .text.GPIO_EVEN_IRQHandler
                0x00002fcc       0x2a ./src/main_single_interrupt.o
                0x00002fcc                GPIO_EVEN_IRQHandler
 .text.gpioSetup
                0x00002ff6       0x40 ./src/main_single_interrupt.o
 .text.main     0x00003036       0x22 ./src/main_single_interrupt.o
                0x00003036                main
 .text          0x00003058      0x378 c:/siliconlabs/simplicitystudio/v5/developer/toolchains/gnu_arm/10.2_2020q4/bin/../lib/gcc/arm-none-eabi/10.2.1/thumb/v8-m.main+fp/softfp\libgcc.a(_arm_addsubdf3.o)
                0x00003058                __aeabi_drsub
                0x00003060                __aeabi_dsub
                0x00003060                __subdf3
                0x00003064                __aeabi_dadd
                0x00003064                __adddf3
                0x000032dc                __floatunsidf
                0x000032dc                __aeabi_ui2d
                0x000032fc                __floatsidf
                0x000032fc                __aeabi_i2d
                0x00003320                __aeabi_f2d
                0x00003320                __extendsfdf2
                0x00003364                __floatundidf
                0x00003364                __aeabi_ul2d
                0x00003374                __floatdidf
                0x00003374                __aeabi_l2d
 .text          0x000033d0      0x424 c:/siliconlabs/simplicitystudio/v5/developer/toolchains/gnu_arm/10.2_2020q4/bin/../lib/gcc/arm-none-eabi/10.2.1/thumb/v8-m.main+fp/softfp\libgcc.a(_arm_muldivdf3.o)
                0x000033d0                __aeabi_dmul
                0x000033d0                __muldf3
                0x00003624                __divdf3
                0x00003624                __aeabi_ddiv
 .text          0x000037f4       0x50 c:/siliconlabs/simplicitystudio/v5/developer/toolchains/gnu_arm/10.2_2020q4/bin/../lib/gcc/arm-none-eabi/10.2.1/thumb/v8-m.main+fp/softfp\libgcc.a(_arm_fixdfsi.o)
                0x000037f4                __aeabi_d2iz
                0x000037f4                __fixdfsi
 .text.exit     0x00003844       0x28 c:/siliconlabs/simplicitystudio/v5/developer/toolchains/gnu_arm/10.2_2020q4/bin/../lib/gcc/arm-none-eabi/10.2.1/../../../../arm-none-eabi/lib/thumb/v8-m.main+fp/softfp\libc_nano.a(lib_a-exit.o)
                0x00003844                exit
 .text.__libc_init_array
                0x0000386c       0x48 c:/siliconlabs/simplicitystudio/v5/developer/toolchains/gnu_arm/10.2_2020q4/bin/../lib/gcc/arm-none-eabi/10.2.1/../../../../arm-none-eabi/lib/thumb/v8-m.main+fp/softfp\libc_nano.a(lib_a-init.o)
                0x0000386c                __libc_init_array
 .text.memset   0x000038b4       0x10 c:/siliconlabs/simplicitystudio/v5/developer/toolchains/gnu_arm/10.2_2020q4/bin/../lib/gcc/arm-none-eabi/10.2.1/../../../../arm-none-eabi/lib/thumb/v8-m.main+fp/softfp\libc_nano.a(lib_a-memset.o)
                0x000038b4                memset
 .text._exit    0x000038c4        0x4 c:/siliconlabs/simplicitystudio/v5/developer/toolchains/gnu_arm/10.2_2020q4/bin/../lib/gcc/arm-none-eabi/10.2.1/../../../../arm-none-eabi/lib/thumb/v8-m.main+fp/softfp\libnosys.a(_exit.o)
                0x000038c4                _exit
 *(.init)
 .init          0x000038c8        0x4 c:/siliconlabs/simplicitystudio/v5/developer/toolchains/gnu_arm/10.2_2020q4/bin/../lib/gcc/arm-none-eabi/10.2.1/thumb/v8-m.main+fp/softfp/crti.o
                0x000038c8                _init
 .init          0x000038cc        0x8 c:/siliconlabs/simplicitystudio/v5/developer/toolchains/gnu_arm/10.2_2020q4/bin/../lib/gcc/arm-none-eabi/10.2.1/thumb/v8-m.main+fp/softfp/crtn.o
 *(.fini)
 .fini          0x000038d4        0x4 c:/siliconlabs/simplicitystudio/v5/developer/toolchains/gnu_arm/10.2_2020q4/bin/../lib/gcc/arm-none-eabi/10.2.1/thumb/v8-m.main+fp/softfp/crti.o
                0x000038d4                _fini
 .fini          0x000038d8        0x8 c:/siliconlabs/simplicitystudio/v5/developer/toolchains/gnu_arm/10.2_2020q4/bin/../lib/gcc/arm-none-eabi/10.2.1/thumb/v8-m.main+fp/softfp/crtn.o
 .fini.__stub   0x000038e0       0x10 linker stubs
 *crtbegin.o(.ctors)
 *crtbegin?.o(.ctors)
 *(EXCLUDE_FILE(*crtend.o *crtend?.o) .ctors)
 *(SORT_BY_NAME(.ctors.*))
 *(.ctors)
 *crtbegin.o(.dtors)
 *crtbegin?.o(.dtors)
 *(EXCLUDE_FILE(*crtend.o *crtend?.o) .dtors)
 *(SORT_BY_NAME(.dtors.*))
 *(.dtors)
 *(.rodata*)
 .rodata        0x000038f0       0x28 ./src/main_single_interrupt.o
 .rodata._global_impure_ptr
                0x00003918        0x4 c:/siliconlabs/simplicitystudio/v5/developer/toolchains/gnu_arm/10.2_2020q4/bin/../lib/gcc/arm-none-eabi/10.2.1/../../../../arm-none-eabi/lib/thumb/v8-m.main+fp/softfp\libc_nano.a(lib_a-impure.o)
                0x00003918                _global_impure_ptr
 *(.eh_frame*)
 .eh_frame      0x0000391c        0x0 c:/siliconlabs/simplicitystudio/v5/developer/toolchains/gnu_arm/10.2_2020q4/bin/../lib/gcc/arm-none-eabi/10.2.1/thumb/v8-m.main+fp/softfp/crtbegin.o
 .eh_frame      0x0000391c        0x4 c:/siliconlabs/simplicitystudio/v5/developer/toolchains/gnu_arm/10.2_2020q4/bin/../lib/gcc/arm-none-eabi/10.2.1/thumb/v8-m.main+fp/softfp/crtend.o

.glue_7         0x00003920        0x0
 .glue_7        0x00003920        0x0 linker stubs

.glue_7t        0x00003920        0x0
 .glue_7t       0x00003920        0x0 linker stubs

.vfp11_veneer   0x00003920        0x0
 .vfp11_veneer  0x00003920        0x0 linker stubs

.v4_bx          0x00003920        0x0
 .v4_bx         0x00003920        0x0 linker stubs

.iplt           0x00003920        0x0
 .iplt          0x00003920        0x0 c:/siliconlabs/simplicitystudio/v5/developer/toolchains/gnu_arm/10.2_2020q4/bin/../lib/gcc/arm-none-eabi/10.2.1/thumb/v8-m.main+fp/softfp/crtbegin.o

.ARM.extab
 *(.ARM.extab* .gnu.linkonce.armextab.*)
                0x00003920                __exidx_start = .

.ARM.exidx      0x00003920        0x8
 *(.ARM.exidx* .gnu.linkonce.armexidx.*)
 .ARM.exidx     0x00003920        0x8 c:/siliconlabs/simplicitystudio/v5/developer/toolchains/gnu_arm/10.2_2020q4/bin/../lib/gcc/arm-none-eabi/10.2.1/../../../../arm-none-eabi/lib/thumb/v8-m.main+fp/softfp/crt0.o
                                 0x10 (size before relaxing)
                0x00003928                __exidx_end = .
                0x00003928                __etext = .

.rel.dyn        0x00003928        0x0
 .rel.iplt      0x00003928        0x0 c:/siliconlabs/simplicitystudio/v5/developer/toolchains/gnu_arm/10.2_2020q4/bin/../lib/gcc/arm-none-eabi/10.2.1/thumb/v8-m.main+fp/softfp/crtbegin.o

.data           0x20000000       0xb0 load address 0x00003928
                0x20000000                __data_start__ = .
 *(vtable)
 *(.data*)
 .data.SystemHFXOClock
                0x20000000        0x4 ./CMSIS/EFR32MG22/system_efr32mg22.o
 .data.SystemLFXOClock
                0x20000004        0x4 ./CMSIS/EFR32MG22/system_efr32mg22.o
 .data.SystemHFRCODPLLClock
                0x20000008        0x4 ./CMSIS/EFR32MG22/system_efr32mg22.o
 .data.SystemCoreClock
                0x2000000c        0x4 ./CMSIS/EFR32MG22/system_efr32mg22.o
                0x2000000c                SystemCoreClock
 .data.impure_data
                0x20000010       0x60 c:/siliconlabs/simplicitystudio/v5/developer/toolchains/gnu_arm/10.2_2020q4/bin/../lib/gcc/arm-none-eabi/10.2.1/../../../../arm-none-eabi/lib/thumb/v8-m.main+fp/softfp\libc_nano.a(lib_a-impure.o)
                0x20000070                . = ALIGN (0x4)
 *(.ram)
 .ram           0x20000070       0x38 ./emlib/em_emu.o
                0x200000a8                . = ALIGN (0x4)
                0x200000a8                PROVIDE (__preinit_array_start = .)
 *(.preinit_array)
                0x200000a8                PROVIDE (__preinit_array_end = .)
                0x200000a8                . = ALIGN (0x4)
                0x200000a8                PROVIDE (__init_array_start = .)
 *(SORT_BY_NAME(.init_array.*))
 *(.init_array)
 .init_array    0x200000a8        0x4 c:/siliconlabs/simplicitystudio/v5/developer/toolchains/gnu_arm/10.2_2020q4/bin/../lib/gcc/arm-none-eabi/10.2.1/thumb/v8-m.main+fp/softfp/crtbegin.o
                0x200000ac                PROVIDE (__init_array_end = .)
                0x200000ac                . = ALIGN (0x4)
                [!provide]                PROVIDE (__fini_array_start = .)
 *(SORT_BY_NAME(.fini_array.*))
 *(.fini_array)
 .fini_array    0x200000ac        0x4 c:/siliconlabs/simplicitystudio/v5/developer/toolchains/gnu_arm/10.2_2020q4/bin/../lib/gcc/arm-none-eabi/10.2.1/thumb/v8-m.main+fp/softfp/crtbegin.o
                [!provide]                PROVIDE (__fini_array_end = .)
 *(.jcr*)
                0x200000b0                . = ALIGN (0x4)
                0x200000b0                __data_end__ = .

.igot.plt       0x200000b0        0x0 load address 0x000039d8
 .igot.plt      0x200000b0        0x0 c:/siliconlabs/simplicitystudio/v5/developer/toolchains/gnu_arm/10.2_2020q4/bin/../lib/gcc/arm-none-eabi/10.2.1/thumb/v8-m.main+fp/softfp/crtbegin.o

.bss            0x200000b0       0x24 load address 0x000039d8
                0x200000b0                . = ALIGN (0x4)
                0x200000b0                __bss_start__ = .
 *(.bss*)
 .bss           0x200000b0       0x1c c:/siliconlabs/simplicitystudio/v5/developer/toolchains/gnu_arm/10.2_2020q4/bin/../lib/gcc/arm-none-eabi/10.2.1/thumb/v8-m.main+fp/softfp/crtbegin.o
 .bss.vScaleEM01Config
                0x200000cc        0x1 ./emlib/em_emu.o
 *fill*         0x200000cd        0x3 
 .bss.dpllRefClk.0
                0x200000d0        0x4 ./emlib/em_emu.o
 *(COMMON)
                0x200000d4                . = ALIGN (0x4)
                0x200000d4                __bss_end__ = .

.heap           0x200000d8      0xc00
                0x200000d8                __HeapBase = .
                0x200000d8                __end__ = .
                0x200000d8                end = __end__
                0x200000d8                _end = __end__
 *(.heap*)
 .heap          0x200000d8      0xc00 ./CMSIS/EFR32MG22/startup_efr32mg22.o
                0x20000cd8                __HeapLimit = .

.stack_dummy    0x200000d8      0x400
 *(.stack*)
 .stack         0x200000d8      0x400 ./CMSIS/EFR32MG22/startup_efr32mg22.o
                0x20008000                __StackTop = (ORIGIN (RAM) + LENGTH (RAM))
                0x20007c00                __StackLimit = (__StackTop - SIZEOF (.stack_dummy))
                0x20008000                PROVIDE (__stack = __StackTop)
                0x00000001                ASSERT ((__StackLimit >= __HeapLimit), region RAM overflowed with stack)
                0x00000001                ASSERT ((LENGTH (FLASH) >= (__etext + SIZEOF (.data))), FLASH memory overflowed !)
OUTPUT(BRD4182A_EFR32MG22_iadc_single_interrupt.axf elf32-littlearm)
LOAD linker stubs

.ARM.attributes
                0x00000000       0x34
 .ARM.attributes
                0x00000000       0x22 c:/siliconlabs/simplicitystudio/v5/developer/toolchains/gnu_arm/10.2_2020q4/bin/../lib/gcc/arm-none-eabi/10.2.1/thumb/v8-m.main+fp/softfp/crti.o
 .ARM.attributes
                0x00000022       0x36 c:/siliconlabs/simplicitystudio/v5/developer/toolchains/gnu_arm/10.2_2020q4/bin/../lib/gcc/arm-none-eabi/10.2.1/thumb/v8-m.main+fp/softfp/crtbegin.o
 .ARM.attributes
                0x00000058       0x20 c:/siliconlabs/simplicitystudio/v5/developer/toolchains/gnu_arm/10.2_2020q4/bin/../lib/gcc/arm-none-eabi/10.2.1/../../../../arm-none-eabi/lib/thumb/v8-m.main+fp/softfp/crt0.o
 .ARM.attributes
                0x00000078       0x24 ./CMSIS/EFR32MG22/startup_efr32mg22.o
 .ARM.attributes
                0x0000009c       0x38 ./CMSIS/EFR32MG22/system_efr32mg22.o
 .ARM.attributes
                0x000000d4       0x38 ./emlib/em_cmu.o
 .ARM.attributes
                0x0000010c       0x38 ./emlib/em_core.o
 .ARM.attributes
                0x00000144       0x38 ./emlib/em_emu.o
 .ARM.attributes
                0x0000017c       0x38 ./emlib/em_gpio.o
 .ARM.attributes
                0x000001b4       0x38 ./emlib/em_iadc.o
 .ARM.attributes
                0x000001ec       0x38 ./src/main_single_interrupt.o
 .ARM.attributes
                0x00000224       0x22 c:/siliconlabs/simplicitystudio/v5/developer/toolchains/gnu_arm/10.2_2020q4/bin/../lib/gcc/arm-none-eabi/10.2.1/thumb/v8-m.main+fp/softfp\libgcc.a(_arm_addsubdf3.o)
 .ARM.attributes
                0x00000246       0x22 c:/siliconlabs/simplicitystudio/v5/developer/toolchains/gnu_arm/10.2_2020q4/bin/../lib/gcc/arm-none-eabi/10.2.1/thumb/v8-m.main+fp/softfp\libgcc.a(_arm_muldivdf3.o)
 .ARM.attributes
                0x00000268       0x22 c:/siliconlabs/simplicitystudio/v5/developer/toolchains/gnu_arm/10.2_2020q4/bin/../lib/gcc/arm-none-eabi/10.2.1/thumb/v8-m.main+fp/softfp\libgcc.a(_arm_fixdfsi.o)
 .ARM.attributes
                0x0000028a       0x36 c:/siliconlabs/simplicitystudio/v5/developer/toolchains/gnu_arm/10.2_2020q4/bin/../lib/gcc/arm-none-eabi/10.2.1/../../../../arm-none-eabi/lib/thumb/v8-m.main+fp/softfp\libc_nano.a(lib_a-exit.o)
 .ARM.attributes
                0x000002c0       0x34 c:/siliconlabs/simplicitystudio/v5/developer/toolchains/gnu_arm/10.2_2020q4/bin/../lib/gcc/arm-none-eabi/10.2.1/../../../../arm-none-eabi/lib/thumb/v8-m.main+fp/softfp\libc_nano.a(lib_a-impure.o)
 .ARM.attributes
                0x000002f4       0x36 c:/siliconlabs/simplicitystudio/v5/developer/toolchains/gnu_arm/10.2_2020q4/bin/../lib/gcc/arm-none-eabi/10.2.1/../../../../arm-none-eabi/lib/thumb/v8-m.main+fp/softfp\libc_nano.a(lib_a-init.o)
 .ARM.attributes
                0x0000032a       0x36 c:/siliconlabs/simplicitystudio/v5/developer/toolchains/gnu_arm/10.2_2020q4/bin/../lib/gcc/arm-none-eabi/10.2.1/../../../../arm-none-eabi/lib/thumb/v8-m.main+fp/softfp\libc_nano.a(lib_a-memset.o)
 .ARM.attributes
                0x00000360       0x36 c:/siliconlabs/simplicitystudio/v5/developer/toolchains/gnu_arm/10.2_2020q4/bin/../lib/gcc/arm-none-eabi/10.2.1/../../../../arm-none-eabi/lib/thumb/v8-m.main+fp/softfp\libnosys.a(_exit.o)
 .ARM.attributes
                0x00000396       0x34 c:/siliconlabs/simplicitystudio/v5/developer/toolchains/gnu_arm/10.2_2020q4/bin/../lib/gcc/arm-none-eabi/10.2.1/thumb/v8-m.main+fp/softfp/crtend.o
 .ARM.attributes
                0x000003ca       0x22 c:/siliconlabs/simplicitystudio/v5/developer/toolchains/gnu_arm/10.2_2020q4/bin/../lib/gcc/arm-none-eabi/10.2.1/thumb/v8-m.main+fp/softfp/crtn.o

.comment        0x00000000       0x4d
 .comment       0x00000000       0x4d ./CMSIS/EFR32MG22/system_efr32mg22.o
                                 0x4e (size before relaxing)
 .comment       0x0000004d       0x4e ./emlib/em_cmu.o
 .comment       0x0000004d       0x4e ./emlib/em_core.o
 .comment       0x0000004d       0x4e ./emlib/em_emu.o
 .comment       0x0000004d       0x4e ./emlib/em_gpio.o
 .comment       0x0000004d       0x4e ./emlib/em_iadc.o
 .comment       0x0000004d       0x4e ./src/main_single_interrupt.o

.debug_line     0x00000000     0x70ba
 .debug_line    0x00000000       0xbf ./CMSIS/EFR32MG22/startup_efr32mg22.o
 .debug_line    0x000000bf      0x97b ./CMSIS/EFR32MG22/system_efr32mg22.o
 .debug_line    0x00000a3a     0x1d31 ./emlib/em_cmu.o
 .debug_line    0x0000276b      0xdbb ./emlib/em_core.o
 .debug_line    0x00003526     0x116f ./emlib/em_emu.o
 .debug_line    0x00004695      0xb9f ./emlib/em_gpio.o
 .debug_line    0x00005234     0x134d ./emlib/em_iadc.o
 .debug_line    0x00006581      0xb39 ./src/main_single_interrupt.o

.debug_info     0x00000000    0x138f8
 .debug_info    0x00000000       0x26 ./CMSIS/EFR32MG22/startup_efr32mg22.o
 .debug_info    0x00000026     0x133c ./CMSIS/EFR32MG22/system_efr32mg22.o
 .debug_info    0x00001362     0x5f08 ./emlib/em_cmu.o
 .debug_info    0x0000726a     0x1041 ./emlib/em_core.o
 .debug_info    0x000082ab     0x3466 ./emlib/em_emu.o
 .debug_info    0x0000b711     0x1db8 ./emlib/em_gpio.o
 .debug_info    0x0000d4c9     0x20fa ./emlib/em_iadc.o
 .debug_info    0x0000f5c3     0x4335 ./src/main_single_interrupt.o

.debug_abbrev   0x00000000     0x1228
 .debug_abbrev  0x00000000       0x14 ./CMSIS/EFR32MG22/startup_efr32mg22.o
 .debug_abbrev  0x00000014      0x220 ./CMSIS/EFR32MG22/system_efr32mg22.o
 .debug_abbrev  0x00000234      0x33e ./emlib/em_cmu.o
 .debug_abbrev  0x00000572      0x259 ./emlib/em_core.o
 .debug_abbrev  0x000007cb      0x327 ./emlib/em_emu.o
 .debug_abbrev  0x00000af2      0x221 ./emlib/em_gpio.o
 .debug_abbrev  0x00000d13      0x298 ./emlib/em_iadc.o
 .debug_abbrev  0x00000fab      0x27d ./src/main_single_interrupt.o

.debug_aranges  0x00000000      0x668
 .debug_aranges
                0x00000000       0x20 ./CMSIS/EFR32MG22/startup_efr32mg22.o
 .debug_aranges
                0x00000020       0x88 ./CMSIS/EFR32MG22/system_efr32mg22.o
 .debug_aranges
                0x000000a8      0x198 ./emlib/em_cmu.o
 .debug_aranges
                0x00000240       0xe8 ./emlib/em_core.o
 .debug_aranges
                0x00000328      0x168 ./emlib/em_emu.o
 .debug_aranges
                0x00000490       0x78 ./emlib/em_gpio.o
 .debug_aranges
                0x00000508       0xd8 ./emlib/em_iadc.o
 .debug_aranges
                0x000005e0       0x88 ./src/main_single_interrupt.o

.debug_str      0x00000000   0x17c247
 .debug_str     0x00000000       0xf0 ./CMSIS/EFR32MG22/startup_efr32mg22.o
 .debug_str     0x000000f0   0x170b88 ./CMSIS/EFR32MG22/system_efr32mg22.o
                             0x17141a (size before relaxing)
 .debug_str     0x00170c78     0x7e43 ./emlib/em_cmu.o
                             0x1790f1 (size before relaxing)
 .debug_str     0x00178abb      0x71e ./emlib/em_core.o
                             0x171b07 (size before relaxing)
 .debug_str     0x001791d9      0xb97 ./emlib/em_emu.o
                             0x177b59 (size before relaxing)
 .debug_str     0x00179d70      0x211 ./emlib/em_gpio.o
                             0x172be2 (size before relaxing)
 .debug_str     0x00179f81     0x212b ./emlib/em_iadc.o
                             0x1766ba (size before relaxing)
 .debug_str     0x0017c0ac      0x19b ./src/main_single_interrupt.o
                             0x177afc (size before relaxing)

.debug_loc      0x00000000     0x3758
 .debug_loc     0x00000000      0x40c ./CMSIS/EFR32MG22/system_efr32mg22.o
 .debug_loc     0x0000040c      0xe5a ./emlib/em_cmu.o
 .debug_loc     0x00001266      0x88c ./emlib/em_core.o
 .debug_loc     0x00001af2      0xbf4 ./emlib/em_emu.o
 .debug_loc     0x000026e6      0x414 ./emlib/em_gpio.o
 .debug_loc     0x00002afa      0x7fa ./emlib/em_iadc.o
 .debug_loc     0x000032f4      0x464 ./src/main_single_interrupt.o

.debug_ranges   0x00000000      0x5d8
 .debug_ranges  0x00000000       0x78 ./CMSIS/EFR32MG22/system_efr32mg22.o
 .debug_ranges  0x00000078      0x188 ./emlib/em_cmu.o
 .debug_ranges  0x00000200       0xd8 ./emlib/em_core.o
 .debug_ranges  0x000002d8      0x158 ./emlib/em_emu.o
 .debug_ranges  0x00000430       0x68 ./emlib/em_gpio.o
 .debug_ranges  0x00000498       0xc8 ./emlib/em_iadc.o
 .debug_ranges  0x00000560       0x78 ./src/main_single_interrupt.o

.debug_macro    0x00000000    0x38c4a
 .debug_macro   0x00000000      0x2d8 ./CMSIS/EFR32MG22/system_efr32mg22.o
 .debug_macro   0x000002d8      0xa6c ./CMSIS/EFR32MG22/system_efr32mg22.o
 .debug_macro   0x00000d44       0x22 ./CMSIS/EFR32MG22/system_efr32mg22.o
 .debug_macro   0x00000d66       0x56 ./CMSIS/EFR32MG22/system_efr32mg22.o
 .debug_macro   0x00000dbc       0x51 ./CMSIS/EFR32MG22/system_efr32mg22.o
 .debug_macro   0x00000e0d      0x103 ./CMSIS/EFR32MG22/system_efr32mg22.o
 .debug_macro   0x00000f10       0x6a ./CMSIS/EFR32MG22/system_efr32mg22.o
 .debug_macro   0x00000f7a      0x1df ./CMSIS/EFR32MG22/system_efr32mg22.o
 .debug_macro   0x00001159      0x7dc ./CMSIS/EFR32MG22/system_efr32mg22.o
 .debug_macro   0x00001935       0x1c ./CMSIS/EFR32MG22/system_efr32mg22.o
 .debug_macro   0x00001951       0x29 ./CMSIS/EFR32MG22/system_efr32mg22.o
 .debug_macro   0x0000197a       0xd9 ./CMSIS/EFR32MG22/system_efr32mg22.o
 .debug_macro   0x00001a53     0x1551 ./CMSIS/EFR32MG22/system_efr32mg22.o
 .debug_macro   0x00002fa4       0x5e ./CMSIS/EFR32MG22/system_efr32mg22.o
 .debug_macro   0x00003002      0xe4f ./CMSIS/EFR32MG22/system_efr32mg22.o
 .debug_macro   0x00003e51     0x12bd ./CMSIS/EFR32MG22/system_efr32mg22.o
 .debug_macro   0x0000510e      0x87c ./CMSIS/EFR32MG22/system_efr32mg22.o
 .debug_macro   0x0000598a      0x300 ./CMSIS/EFR32MG22/system_efr32mg22.o
 .debug_macro   0x00005c8a       0x34 ./CMSIS/EFR32MG22/system_efr32mg22.o
 .debug_macro   0x00005cbe      0x304 ./CMSIS/EFR32MG22/system_efr32mg22.o
 .debug_macro   0x00005fc2      0x456 ./CMSIS/EFR32MG22/system_efr32mg22.o
 .debug_macro   0x00006418      0x4a1 ./CMSIS/EFR32MG22/system_efr32mg22.o
 .debug_macro   0x000068b9      0x156 ./CMSIS/EFR32MG22/system_efr32mg22.o
 .debug_macro   0x00006a0f      0x764 ./CMSIS/EFR32MG22/system_efr32mg22.o
 .debug_macro   0x00007173      0x363 ./CMSIS/EFR32MG22/system_efr32mg22.o
 .debug_macro   0x000074d6     0x14f4 ./CMSIS/EFR32MG22/system_efr32mg22.o
 .debug_macro   0x000089ca       0x10 ./CMSIS/EFR32MG22/system_efr32mg22.o
 .debug_macro   0x000089da      0x997 ./CMSIS/EFR32MG22/system_efr32mg22.o
 .debug_macro   0x00009371     0x2b9a ./CMSIS/EFR32MG22/system_efr32mg22.o
 .debug_macro   0x0000bf0b      0xcb2 ./CMSIS/EFR32MG22/system_efr32mg22.o
 .debug_macro   0x0000cbbd       0x4c ./CMSIS/EFR32MG22/system_efr32mg22.o
 .debug_macro   0x0000cc09     0x15b8 ./CMSIS/EFR32MG22/system_efr32mg22.o
 .debug_macro   0x0000e1c1     0x210a ./CMSIS/EFR32MG22/system_efr32mg22.o
 .debug_macro   0x000102cb      0x53c ./CMSIS/EFR32MG22/system_efr32mg22.o
 .debug_macro   0x00010807      0xfe5 ./CMSIS/EFR32MG22/system_efr32mg22.o
 .debug_macro   0x000117ec      0x955 ./CMSIS/EFR32MG22/system_efr32mg22.o
 .debug_macro   0x00012141       0x34 ./CMSIS/EFR32MG22/system_efr32mg22.o
 .debug_macro   0x00012175      0x308 ./CMSIS/EFR32MG22/system_efr32mg22.o
 .debug_macro   0x0001247d      0x6a7 ./CMSIS/EFR32MG22/system_efr32mg22.o
 .debug_macro   0x00012b24      0x618 ./CMSIS/EFR32MG22/system_efr32mg22.o
 .debug_macro   0x0001313c      0x9b0 ./CMSIS/EFR32MG22/system_efr32mg22.o
 .debug_macro   0x00013aec      0x91e ./CMSIS/EFR32MG22/system_efr32mg22.o
 .debug_macro   0x0001440a     0x1b1b ./CMSIS/EFR32MG22/system_efr32mg22.o
 .debug_macro   0x00015f25      0x76b ./CMSIS/EFR32MG22/system_efr32mg22.o
 .debug_macro   0x00016690      0x8f3 ./CMSIS/EFR32MG22/system_efr32mg22.o
 .debug_macro   0x00016f83     0x14b5 ./CMSIS/EFR32MG22/system_efr32mg22.o
 .debug_macro   0x00018438      0x688 ./CMSIS/EFR32MG22/system_efr32mg22.o
 .debug_macro   0x00018ac0      0x464 ./CMSIS/EFR32MG22/system_efr32mg22.o
 .debug_macro   0x00018f24     0x141b ./CMSIS/EFR32MG22/system_efr32mg22.o
 .debug_macro   0x0001a33f     0x15c0 ./CMSIS/EFR32MG22/system_efr32mg22.o
 .debug_macro   0x0001b8ff     0x3753 ./CMSIS/EFR32MG22/system_efr32mg22.o
 .debug_macro   0x0001f052     0x17a9 ./CMSIS/EFR32MG22/system_efr32mg22.o
 .debug_macro   0x000207fb      0x319 ./CMSIS/EFR32MG22/system_efr32mg22.o
 .debug_macro   0x00020b14     0x53ed ./CMSIS/EFR32MG22/system_efr32mg22.o
 .debug_macro   0x00025f01     0x175c ./CMSIS/EFR32MG22/system_efr32mg22.o
 .debug_macro   0x0002765d     0x29ed ./CMSIS/EFR32MG22/system_efr32mg22.o
 .debug_macro   0x0002a04a     0x789f ./CMSIS/EFR32MG22/system_efr32mg22.o
 .debug_macro   0x000318e9      0x143 ./CMSIS/EFR32MG22/system_efr32mg22.o
 .debug_macro   0x00031a2c      0xfae ./CMSIS/EFR32MG22/system_efr32mg22.o
 .debug_macro   0x000329da     0x1384 ./CMSIS/EFR32MG22/system_efr32mg22.o
 .debug_macro   0x00033d5e     0x1553 ./CMSIS/EFR32MG22/system_efr32mg22.o
 .debug_macro   0x000352b1      0x37d ./CMSIS/EFR32MG22/system_efr32mg22.o
 .debug_macro   0x0003562e     0x107a ./CMSIS/EFR32MG22/system_efr32mg22.o
 .debug_macro   0x000366a8      0x3dc ./emlib/em_cmu.o
 .debug_macro   0x00036a84       0x22 ./emlib/em_cmu.o
 .debug_macro   0x00036aa6       0x10 ./emlib/em_cmu.o
 .debug_macro   0x00036ab6       0x7e ./emlib/em_cmu.o
 .debug_macro   0x00036b34       0xfc ./emlib/em_cmu.o
 .debug_macro   0x00036c30      0x307 ./emlib/em_cmu.o
 .debug_macro   0x00036f37       0xdc ./emlib/em_cmu.o
 .debug_macro   0x00037013      0x11b ./emlib/em_cmu.o
 .debug_macro   0x0003712e      0x16d ./emlib/em_cmu.o
 .debug_macro   0x0003729b       0x64 ./emlib/em_cmu.o
 .debug_macro   0x000372ff      0x356 ./emlib/em_cmu.o
 .debug_macro   0x00037655       0x7c ./emlib/em_cmu.o
 .debug_macro   0x000376d1       0x17 ./emlib/em_cmu.o
 .debug_macro   0x000376e8       0xee ./emlib/em_cmu.o
 .debug_macro   0x000377d6       0x39 ./emlib/em_cmu.o
 .debug_macro   0x0003780f      0x2ea ./emlib/em_core.o
 .debug_macro   0x00037af9       0x78 ./emlib/em_core.o
 .debug_macro   0x00037b71      0x3ab ./emlib/em_emu.o
 .debug_macro   0x00037f1c       0x5e ./emlib/em_emu.o
 .debug_macro   0x00037f7a       0x5c ./emlib/em_emu.o
 .debug_macro   0x00037fd6       0x33 ./emlib/em_emu.o
 .debug_macro   0x00038009       0x34 ./emlib/em_emu.o
 .debug_macro   0x0003803d      0x2f7 ./emlib/em_gpio.o
 .debug_macro   0x00038334       0xd6 ./emlib/em_gpio.o
 .debug_macro   0x0003840a      0x37d ./emlib/em_iadc.o
 .debug_macro   0x00038787       0x3c ./emlib/em_iadc.o
 .debug_macro   0x000387c3      0x343 ./src/main_single_interrupt.o
 .debug_macro   0x00038b06      0x102 ./src/main_single_interrupt.o
 .debug_macro   0x00038c08       0x42 ./src/main_single_interrupt.o

.debug_frame    0x00000000     0x1b94
 .debug_frame   0x00000000      0x1ec ./CMSIS/EFR32MG22/system_efr32mg22.o
 .debug_frame   0x000001ec      0x6c8 ./emlib/em_cmu.o
 .debug_frame   0x000008b4      0x3dc ./emlib/em_core.o
 .debug_frame   0x00000c90      0x5b8 ./emlib/em_emu.o
 .debug_frame   0x00001248      0x1dc ./emlib/em_gpio.o
 .debug_frame   0x00001424      0x39c ./emlib/em_iadc.o
 .debug_frame   0x000017c0      0x220 ./src/main_single_interrupt.o
 .debug_frame   0x000019e0       0xac c:/siliconlabs/simplicitystudio/v5/developer/toolchains/gnu_arm/10.2_2020q4/bin/../lib/gcc/arm-none-eabi/10.2.1/thumb/v8-m.main+fp/softfp\libgcc.a(_arm_addsubdf3.o)
 .debug_frame   0x00001a8c       0x50 c:/siliconlabs/simplicitystudio/v5/developer/toolchains/gnu_arm/10.2_2020q4/bin/../lib/gcc/arm-none-eabi/10.2.1/thumb/v8-m.main+fp/softfp\libgcc.a(_arm_muldivdf3.o)
 .debug_frame   0x00001adc       0x24 c:/siliconlabs/simplicitystudio/v5/developer/toolchains/gnu_arm/10.2_2020q4/bin/../lib/gcc/arm-none-eabi/10.2.1/thumb/v8-m.main+fp/softfp\libgcc.a(_arm_fixdfsi.o)
 .debug_frame   0x00001b00       0x28 c:/siliconlabs/simplicitystudio/v5/developer/toolchains/gnu_arm/10.2_2020q4/bin/../lib/gcc/arm-none-eabi/10.2.1/../../../../arm-none-eabi/lib/thumb/v8-m.main+fp/softfp\libc_nano.a(lib_a-exit.o)
 .debug_frame   0x00001b28       0x2c c:/siliconlabs/simplicitystudio/v5/developer/toolchains/gnu_arm/10.2_2020q4/bin/../lib/gcc/arm-none-eabi/10.2.1/../../../../arm-none-eabi/lib/thumb/v8-m.main+fp/softfp\libc_nano.a(lib_a-init.o)
 .debug_frame   0x00001b54       0x20 c:/siliconlabs/simplicitystudio/v5/developer/toolchains/gnu_arm/10.2_2020q4/bin/../lib/gcc/arm-none-eabi/10.2.1/../../../../arm-none-eabi/lib/thumb/v8-m.main+fp/softfp\libc_nano.a(lib_a-memset.o)
 .debug_frame   0x00001b74       0x20 c:/siliconlabs/simplicitystudio/v5/developer/toolchains/gnu_arm/10.2_2020q4/bin/../lib/gcc/arm-none-eabi/10.2.1/../../../../arm-none-eabi/lib/thumb/v8-m.main+fp/softfp\libnosys.a(_exit.o)
